Archive member included because of file (symbol)

c:/users/riad.desktop-9ij36io/desktop/documents/imtschool/protos/imt_sdk_win_64/winavr/bin/../lib/gcc/avr/4.3.3/avr5\libgcc.a(_mulsi3.o)
                              ./HAL/LCD/LCD_prg.o (__mulsi3)
c:/users/riad.desktop-9ij36io/desktop/documents/imtschool/protos/imt_sdk_win_64/winavr/bin/../lib/gcc/avr/4.3.3/avr5\libgcc.a(_udivmodhi4.o)
                              ./MCAL/TMR/TMR_prg.o (__udivmodhi4)
c:/users/riad.desktop-9ij36io/desktop/documents/imtschool/protos/imt_sdk_win_64/winavr/bin/../lib/gcc/avr/4.3.3/avr5\libgcc.a(_divmodhi4.o)
                              ./HAL/SRV/SRV_prg.o (__divmodhi4)
c:/users/riad.desktop-9ij36io/desktop/documents/imtschool/protos/imt_sdk_win_64/winavr/bin/../lib/gcc/avr/4.3.3/avr5\libgcc.a(_udivmodsi4.o)
                              ./MCAL/TMR/TMR_prg.o (__udivmodsi4)
c:/users/riad.desktop-9ij36io/desktop/documents/imtschool/protos/imt_sdk_win_64/winavr/bin/../lib/gcc/avr/4.3.3/avr5\libgcc.a(_divmodsi4.o)
                              ./HAL/LCD/LCD_prg.o (__divmodsi4)
c:/users/riad.desktop-9ij36io/desktop/documents/imtschool/protos/imt_sdk_win_64/winavr/bin/../lib/gcc/avr/4.3.3/avr5\libgcc.a(_exit.o)
                              c:/users/riad.desktop-9ij36io/desktop/documents/imtschool/protos/imt_sdk_win_64/winavr/bin/../lib/gcc/avr/4.3.3/../../../../avr/lib/avr5/crtm32.o (exit)
c:/users/riad.desktop-9ij36io/desktop/documents/imtschool/protos/imt_sdk_win_64/winavr/bin/../lib/gcc/avr/4.3.3/avr5\libgcc.a(_copy_data.o)
                              ./HAL/SSD/SSD_prg.o (__do_copy_data)
c:/users/riad.desktop-9ij36io/desktop/documents/imtschool/protos/imt_sdk_win_64/winavr/bin/../lib/gcc/avr/4.3.3/avr5\libgcc.a(_clear_bss.o)
                              ./MCAL/TMR/TMR_prg.o (__do_clear_bss)
c:/users/riad.desktop-9ij36io/desktop/documents/imtschool/protos/imt_sdk_win_64/winavr/bin/../lib/gcc/avr/4.3.3/avr5\libgcc.a(_fixunssfsi.o)
                              ./HAL/LDCL/LDCL_prg.o (__fixunssfsi)
c:/users/riad.desktop-9ij36io/desktop/documents/imtschool/protos/imt_sdk_win_64/winavr/bin/../lib/gcc/avr/4.3.3/avr5\libgcc.a(_addsub_sf.o)
                              c:/users/riad.desktop-9ij36io/desktop/documents/imtschool/protos/imt_sdk_win_64/winavr/bin/../lib/gcc/avr/4.3.3/avr5\libgcc.a(_fixunssfsi.o) (__subsf3)
c:/users/riad.desktop-9ij36io/desktop/documents/imtschool/protos/imt_sdk_win_64/winavr/bin/../lib/gcc/avr/4.3.3/avr5\libgcc.a(_mul_sf.o)
                              ./HAL/LDCL/LDCL_prg.o (__mulsf3)
c:/users/riad.desktop-9ij36io/desktop/documents/imtschool/protos/imt_sdk_win_64/winavr/bin/../lib/gcc/avr/4.3.3/avr5\libgcc.a(_div_sf.o)
                              ./HAL/LCD/LCD_prg.o (__divsf3)
c:/users/riad.desktop-9ij36io/desktop/documents/imtschool/protos/imt_sdk_win_64/winavr/bin/../lib/gcc/avr/4.3.3/avr5\libgcc.a(_gt_sf.o)
                              ./HAL/LDCL/LDCL_prg.o (__gtsf2)
c:/users/riad.desktop-9ij36io/desktop/documents/imtschool/protos/imt_sdk_win_64/winavr/bin/../lib/gcc/avr/4.3.3/avr5\libgcc.a(_ge_sf.o)
                              c:/users/riad.desktop-9ij36io/desktop/documents/imtschool/protos/imt_sdk_win_64/winavr/bin/../lib/gcc/avr/4.3.3/avr5\libgcc.a(_fixunssfsi.o) (__gesf2)
c:/users/riad.desktop-9ij36io/desktop/documents/imtschool/protos/imt_sdk_win_64/winavr/bin/../lib/gcc/avr/4.3.3/avr5\libgcc.a(_lt_sf.o)
                              ./HAL/LDCL/LDCL_prg.o (__ltsf2)
c:/users/riad.desktop-9ij36io/desktop/documents/imtschool/protos/imt_sdk_win_64/winavr/bin/../lib/gcc/avr/4.3.3/avr5\libgcc.a(_sf_to_si.o)
                              c:/users/riad.desktop-9ij36io/desktop/documents/imtschool/protos/imt_sdk_win_64/winavr/bin/../lib/gcc/avr/4.3.3/avr5\libgcc.a(_fixunssfsi.o) (__fixsfsi)
c:/users/riad.desktop-9ij36io/desktop/documents/imtschool/protos/imt_sdk_win_64/winavr/bin/../lib/gcc/avr/4.3.3/avr5\libgcc.a(_thenan_sf.o)
                              c:/users/riad.desktop-9ij36io/desktop/documents/imtschool/protos/imt_sdk_win_64/winavr/bin/../lib/gcc/avr/4.3.3/avr5\libgcc.a(_addsub_sf.o) (__thenan_sf)
c:/users/riad.desktop-9ij36io/desktop/documents/imtschool/protos/imt_sdk_win_64/winavr/bin/../lib/gcc/avr/4.3.3/avr5\libgcc.a(_prologue.o)
                              c:/users/riad.desktop-9ij36io/desktop/documents/imtschool/protos/imt_sdk_win_64/winavr/bin/../lib/gcc/avr/4.3.3/avr5\libgcc.a(_addsub_sf.o) (__prologue_saves__)
c:/users/riad.desktop-9ij36io/desktop/documents/imtschool/protos/imt_sdk_win_64/winavr/bin/../lib/gcc/avr/4.3.3/avr5\libgcc.a(_epilogue.o)
                              c:/users/riad.desktop-9ij36io/desktop/documents/imtschool/protos/imt_sdk_win_64/winavr/bin/../lib/gcc/avr/4.3.3/avr5\libgcc.a(_addsub_sf.o) (__epilogue_restores__)
c:/users/riad.desktop-9ij36io/desktop/documents/imtschool/protos/imt_sdk_win_64/winavr/bin/../lib/gcc/avr/4.3.3/avr5\libgcc.a(_pack_sf.o)
                              c:/users/riad.desktop-9ij36io/desktop/documents/imtschool/protos/imt_sdk_win_64/winavr/bin/../lib/gcc/avr/4.3.3/avr5\libgcc.a(_addsub_sf.o) (__pack_f)
c:/users/riad.desktop-9ij36io/desktop/documents/imtschool/protos/imt_sdk_win_64/winavr/bin/../lib/gcc/avr/4.3.3/avr5\libgcc.a(_unpack_sf.o)
                              c:/users/riad.desktop-9ij36io/desktop/documents/imtschool/protos/imt_sdk_win_64/winavr/bin/../lib/gcc/avr/4.3.3/avr5\libgcc.a(_addsub_sf.o) (__unpack_f)
c:/users/riad.desktop-9ij36io/desktop/documents/imtschool/protos/imt_sdk_win_64/winavr/bin/../lib/gcc/avr/4.3.3/avr5\libgcc.a(_fpcmp_parts_sf.o)
                              c:/users/riad.desktop-9ij36io/desktop/documents/imtschool/protos/imt_sdk_win_64/winavr/bin/../lib/gcc/avr/4.3.3/avr5\libgcc.a(_gt_sf.o) (__fpcmp_parts_f)

Allocating common symbols
Common symbol       size              file

G_u16CounterOVF0    0xa               ./MCAL/TMR/TMR_prg.o
TMR1_OVF_callback   0xa               ./MCAL/TMR/TMR_prg.o
TMR1_CTC_callback   0x2               ./MCAL/TMR/TMR_prg.o
G_u8I1              0x1               ./MCAL/TMR/TMR_prg.o
G_u16CounterCTC0    0x2               ./MCAL/TMR/TMR_prg.o
G_u16CounterOVF1    0xa               ./MCAL/TMR/TMR_prg.o
Word                0x2               ./HAL/STPR/STPR_prg.o
Weight_B            0x5               ./main.o
G_u16CounterCTC2    0x2               ./MCAL/TMR/TMR_prg.o
TMR0_CTC_callback   0x2               ./MCAL/TMR/TMR_prg.o
TMR1_ICU_callback   0x2               ./MCAL/TMR/TMR_prg.o
TMR2_CTC_callback   0x2               ./MCAL/TMR/TMR_prg.o
G_u8FlagOVF0        0x5               ./MCAL/TMR/TMR_prg.o
G_u16CounterCTC1    0x2               ./MCAL/TMR/TMR_prg.o
Color_B             0x5               ./main.o
TMR0_OVF_callback   0xa               ./MCAL/TMR/TMR_prg.o
G_u8I0              0x1               ./MCAL/TMR/TMR_prg.o
G_u8I2              0x1               ./MCAL/TMR/TMR_prg.o
G_u16CounterOVF2    0xa               ./MCAL/TMR/TMR_prg.o
TMR2_OVF_callback   0xa               ./MCAL/TMR/TMR_prg.o

Memory Configuration

Name             Origin             Length             Attributes
text             0x00000000         0x00020000         xr
data             0x00800060         0x0000ffa0         rw !x
eeprom           0x00810000         0x00010000         rw !x
fuse             0x00820000         0x00000400         rw !x
lock             0x00830000         0x00000400         rw !x
signature        0x00840000         0x00000400         rw !x
*default*        0x00000000         0xffffffff

Linker script and memory map

LOAD c:/users/riad.desktop-9ij36io/desktop/documents/imtschool/protos/imt_sdk_win_64/winavr/bin/../lib/gcc/avr/4.3.3/../../../../avr/lib/avr5/crtm32.o
LOAD ./MCAL/TWI/TWI_prg.o
LOAD ./MCAL/TMR/TMR_prg.o
LOAD ./MCAL/GIE/GIE_prg.o
LOAD ./MCAL/EXTI/EXTI_prg.o
LOAD ./MCAL/DIO/DIO_prg.o
LOAD ./HAL/SYS/SYS_prg.o
LOAD ./HAL/STPR/STPR_prg.o
LOAD ./HAL/SSD/SSD_prg.o
LOAD ./HAL/SRV/SRV_prg.o
LOAD ./HAL/SLNDR/SLNDR_prg.o
LOAD ./HAL/SHFT/SHFT_prg.o
LOAD ./HAL/LDCL/LDCL_prg.o
LOAD ./HAL/LCD/LCD_prg.o
LOAD ./HAL/KPD/KPD_prg.o
LOAD ./HAL/IR/IR_prg.o
LOAD ./HAL/CLR/CLR_prg.o
LOAD ./HAL/BZR/BZR_prg.o
LOAD ./main.o
LOAD c:/users/riad.desktop-9ij36io/desktop/documents/imtschool/protos/imt_sdk_win_64/winavr/bin/../lib/gcc/avr/4.3.3/avr5\libgcc.a
LOAD c:/users/riad.desktop-9ij36io/desktop/documents/imtschool/protos/imt_sdk_win_64/winavr/bin/../lib/gcc/avr/4.3.3/../../../../avr/lib/avr5\libc.a
LOAD c:/users/riad.desktop-9ij36io/desktop/documents/imtschool/protos/imt_sdk_win_64/winavr/bin/../lib/gcc/avr/4.3.3/avr5\libgcc.a

.hash
 *(.hash)

.dynsym
 *(.dynsym)

.dynstr
 *(.dynstr)

.gnu.version
 *(.gnu.version)

.gnu.version_d
 *(.gnu.version_d)

.gnu.version_r
 *(.gnu.version_r)

.rel.init
 *(.rel.init)

.rela.init
 *(.rela.init)

.rel.text
 *(.rel.text)
 *(.rel.text.*)
 *(.rel.gnu.linkonce.t*)

.rela.text
 *(.rela.text)
 *(.rela.text.*)
 *(.rela.gnu.linkonce.t*)

.rel.fini
 *(.rel.fini)

.rela.fini
 *(.rela.fini)

.rel.rodata
 *(.rel.rodata)
 *(.rel.rodata.*)
 *(.rel.gnu.linkonce.r*)

.rela.rodata
 *(.rela.rodata)
 *(.rela.rodata.*)
 *(.rela.gnu.linkonce.r*)

.rel.data
 *(.rel.data)
 *(.rel.data.*)
 *(.rel.gnu.linkonce.d*)

.rela.data
 *(.rela.data)
 *(.rela.data.*)
 *(.rela.gnu.linkonce.d*)

.rel.ctors
 *(.rel.ctors)

.rela.ctors
 *(.rela.ctors)

.rel.dtors
 *(.rel.dtors)

.rela.dtors
 *(.rela.dtors)

.rel.got
 *(.rel.got)

.rela.got
 *(.rela.got)

.rel.bss
 *(.rel.bss)

.rela.bss
 *(.rela.bss)

.rel.plt
 *(.rel.plt)

.rela.plt
 *(.rela.plt)

.text           0x00000000     0x6314
 *(.vectors)
 .vectors       0x00000000       0x54 c:/users/riad.desktop-9ij36io/desktop/documents/imtschool/protos/imt_sdk_win_64/winavr/bin/../lib/gcc/avr/4.3.3/../../../../avr/lib/avr5/crtm32.o
                0x00000000                __vectors
                0x00000000                __vector_default
 *(.vectors)
 *(.progmem.gcc*)
 *(.progmem*)
                0x00000054                . = ALIGN (0x2)
                0x00000054                __trampolines_start = .
 *(.trampolines)
 .trampolines   0x00000054        0x0 linker stubs
 *(.trampolines*)
                0x00000054                __trampolines_end = .
 *(.jumptables)
 *(.jumptables*)
 *(.lowtext)
 *(.lowtext*)
                0x00000054                __ctors_start = .
 *(.ctors)
                0x00000054                __ctors_end = .
                0x00000054                __dtors_start = .
 *(.dtors)
                0x00000054                __dtors_end = .
 SORT(*)(.ctors)
 SORT(*)(.dtors)
 *(.init0)
 .init0         0x00000054        0x0 c:/users/riad.desktop-9ij36io/desktop/documents/imtschool/protos/imt_sdk_win_64/winavr/bin/../lib/gcc/avr/4.3.3/../../../../avr/lib/avr5/crtm32.o
                0x00000054                __init
 *(.init0)
 *(.init1)
 *(.init1)
 *(.init2)
 .init2         0x00000054        0xc c:/users/riad.desktop-9ij36io/desktop/documents/imtschool/protos/imt_sdk_win_64/winavr/bin/../lib/gcc/avr/4.3.3/../../../../avr/lib/avr5/crtm32.o
 *(.init2)
 *(.init3)
 *(.init3)
 *(.init4)
 .init4         0x00000060       0x16 c:/users/riad.desktop-9ij36io/desktop/documents/imtschool/protos/imt_sdk_win_64/winavr/bin/../lib/gcc/avr/4.3.3/avr5\libgcc.a(_copy_data.o)
                0x00000060                __do_copy_data
 .init4         0x00000076       0x10 c:/users/riad.desktop-9ij36io/desktop/documents/imtschool/protos/imt_sdk_win_64/winavr/bin/../lib/gcc/avr/4.3.3/avr5\libgcc.a(_clear_bss.o)
                0x00000076                __do_clear_bss
 *(.init4)
 *(.init5)
 *(.init5)
 *(.init6)
 *(.init6)
 *(.init7)
 *(.init7)
 *(.init8)
 *(.init8)
 *(.init9)
 .init9         0x00000086        0x8 c:/users/riad.desktop-9ij36io/desktop/documents/imtschool/protos/imt_sdk_win_64/winavr/bin/../lib/gcc/avr/4.3.3/../../../../avr/lib/avr5/crtm32.o
 *(.init9)
 *(.text)
 .text          0x0000008e        0x4 c:/users/riad.desktop-9ij36io/desktop/documents/imtschool/protos/imt_sdk_win_64/winavr/bin/../lib/gcc/avr/4.3.3/../../../../avr/lib/avr5/crtm32.o
                0x0000008e                __vector_1
                0x0000008e                __vector_12
                0x0000008e                __bad_interrupt
                0x0000008e                __vector_3
                0x0000008e                __vector_13
                0x0000008e                __vector_17
                0x0000008e                __vector_19
                0x0000008e                __vector_2
                0x0000008e                __vector_15
                0x0000008e                __vector_14
                0x0000008e                __vector_16
                0x0000008e                __vector_18
                0x0000008e                __vector_20
 .text          0x00000092        0x0 ./MCAL/TWI/TWI_prg.o
 .text          0x00000092        0x0 ./MCAL/TMR/TMR_prg.o
 .text          0x00000092        0x0 ./MCAL/GIE/GIE_prg.o
 .text          0x00000092        0x0 ./MCAL/EXTI/EXTI_prg.o
 .text          0x00000092        0x0 ./MCAL/DIO/DIO_prg.o
 .text          0x00000092        0x0 ./HAL/SYS/SYS_prg.o
 .text          0x00000092        0x0 ./HAL/STPR/STPR_prg.o
 .text          0x00000092        0x0 ./HAL/SSD/SSD_prg.o
 .text          0x00000092        0x0 ./HAL/SRV/SRV_prg.o
 .text          0x00000092        0x0 ./HAL/SLNDR/SLNDR_prg.o
 .text          0x00000092        0x0 ./HAL/SHFT/SHFT_prg.o
 .text          0x00000092        0x0 ./HAL/LDCL/LDCL_prg.o
 .text          0x00000092        0x0 ./HAL/LCD/LCD_prg.o
 .text          0x00000092        0x0 ./HAL/KPD/KPD_prg.o
 .text          0x00000092        0x0 ./HAL/IR/IR_prg.o
 .text          0x00000092        0x0 ./HAL/CLR/CLR_prg.o
 .text          0x00000092        0x0 ./HAL/BZR/BZR_prg.o
 .text          0x00000092        0x0 ./main.o
 .text          0x00000092        0x0 c:/users/riad.desktop-9ij36io/desktop/documents/imtschool/protos/imt_sdk_win_64/winavr/bin/../lib/gcc/avr/4.3.3/avr5\libgcc.a(_mulsi3.o)
 .text          0x00000092        0x0 c:/users/riad.desktop-9ij36io/desktop/documents/imtschool/protos/imt_sdk_win_64/winavr/bin/../lib/gcc/avr/4.3.3/avr5\libgcc.a(_udivmodhi4.o)
 .text          0x00000092        0x0 c:/users/riad.desktop-9ij36io/desktop/documents/imtschool/protos/imt_sdk_win_64/winavr/bin/../lib/gcc/avr/4.3.3/avr5\libgcc.a(_divmodhi4.o)
 .text          0x00000092        0x0 c:/users/riad.desktop-9ij36io/desktop/documents/imtschool/protos/imt_sdk_win_64/winavr/bin/../lib/gcc/avr/4.3.3/avr5\libgcc.a(_udivmodsi4.o)
 .text          0x00000092        0x0 c:/users/riad.desktop-9ij36io/desktop/documents/imtschool/protos/imt_sdk_win_64/winavr/bin/../lib/gcc/avr/4.3.3/avr5\libgcc.a(_divmodsi4.o)
 .text          0x00000092        0x0 c:/users/riad.desktop-9ij36io/desktop/documents/imtschool/protos/imt_sdk_win_64/winavr/bin/../lib/gcc/avr/4.3.3/avr5\libgcc.a(_exit.o)
 .text          0x00000092        0x0 c:/users/riad.desktop-9ij36io/desktop/documents/imtschool/protos/imt_sdk_win_64/winavr/bin/../lib/gcc/avr/4.3.3/avr5\libgcc.a(_copy_data.o)
 .text          0x00000092        0x0 c:/users/riad.desktop-9ij36io/desktop/documents/imtschool/protos/imt_sdk_win_64/winavr/bin/../lib/gcc/avr/4.3.3/avr5\libgcc.a(_clear_bss.o)
 .text          0x00000092       0x58 c:/users/riad.desktop-9ij36io/desktop/documents/imtschool/protos/imt_sdk_win_64/winavr/bin/../lib/gcc/avr/4.3.3/avr5\libgcc.a(_fixunssfsi.o)
                0x00000092                __fixunssfsi
 .text          0x000000ea      0x354 c:/users/riad.desktop-9ij36io/desktop/documents/imtschool/protos/imt_sdk_win_64/winavr/bin/../lib/gcc/avr/4.3.3/avr5\libgcc.a(_addsub_sf.o)
                0x00000382                __subsf3
                0x000003e4                __addsf3
 .text          0x0000043e      0x1f4 c:/users/riad.desktop-9ij36io/desktop/documents/imtschool/protos/imt_sdk_win_64/winavr/bin/../lib/gcc/avr/4.3.3/avr5\libgcc.a(_mul_sf.o)
                0x0000043e                __mulsf3
 .text          0x00000632      0x158 c:/users/riad.desktop-9ij36io/desktop/documents/imtschool/protos/imt_sdk_win_64/winavr/bin/../lib/gcc/avr/4.3.3/avr5\libgcc.a(_div_sf.o)
                0x00000632                __divsf3
 .text          0x0000078a       0x60 c:/users/riad.desktop-9ij36io/desktop/documents/imtschool/protos/imt_sdk_win_64/winavr/bin/../lib/gcc/avr/4.3.3/avr5\libgcc.a(_gt_sf.o)
                0x0000078a                __gtsf2
 .text          0x000007ea       0x60 c:/users/riad.desktop-9ij36io/desktop/documents/imtschool/protos/imt_sdk_win_64/winavr/bin/../lib/gcc/avr/4.3.3/avr5\libgcc.a(_ge_sf.o)
                0x000007ea                __gesf2
 .text          0x0000084a       0x60 c:/users/riad.desktop-9ij36io/desktop/documents/imtschool/protos/imt_sdk_win_64/winavr/bin/../lib/gcc/avr/4.3.3/avr5\libgcc.a(_lt_sf.o)
                0x0000084a                __ltsf2
 .text          0x000008aa       0xa8 c:/users/riad.desktop-9ij36io/desktop/documents/imtschool/protos/imt_sdk_win_64/winavr/bin/../lib/gcc/avr/4.3.3/avr5\libgcc.a(_sf_to_si.o)
                0x000008aa                __fixsfsi
 .text          0x00000952        0x0 c:/users/riad.desktop-9ij36io/desktop/documents/imtschool/protos/imt_sdk_win_64/winavr/bin/../lib/gcc/avr/4.3.3/avr5\libgcc.a(_thenan_sf.o)
 .text          0x00000952        0x0 c:/users/riad.desktop-9ij36io/desktop/documents/imtschool/protos/imt_sdk_win_64/winavr/bin/../lib/gcc/avr/4.3.3/avr5\libgcc.a(_prologue.o)
 .text          0x00000952        0x0 c:/users/riad.desktop-9ij36io/desktop/documents/imtschool/protos/imt_sdk_win_64/winavr/bin/../lib/gcc/avr/4.3.3/avr5\libgcc.a(_epilogue.o)
 .text          0x00000952      0x1aa c:/users/riad.desktop-9ij36io/desktop/documents/imtschool/protos/imt_sdk_win_64/winavr/bin/../lib/gcc/avr/4.3.3/avr5\libgcc.a(_pack_sf.o)
                0x00000952                __pack_f
 .text          0x00000afc       0xf0 c:/users/riad.desktop-9ij36io/desktop/documents/imtschool/protos/imt_sdk_win_64/winavr/bin/../lib/gcc/avr/4.3.3/avr5\libgcc.a(_unpack_sf.o)
                0x00000afc                __unpack_f
 .text          0x00000bec       0xb2 c:/users/riad.desktop-9ij36io/desktop/documents/imtschool/protos/imt_sdk_win_64/winavr/bin/../lib/gcc/avr/4.3.3/avr5\libgcc.a(_fpcmp_parts_sf.o)
                0x00000bec                __fpcmp_parts_f
                0x00000c9e                . = ALIGN (0x2)
 *(.text.*)
 .text.TWI_vInit
                0x00000c9e       0x24 ./MCAL/TWI/TWI_prg.o
                0x00000c9e                TWI_vInit
 .text.TWI_u08SendStartCondition
                0x00000cc2       0x28 ./MCAL/TWI/TWI_prg.o
                0x00000cc2                TWI_u08SendStartCondition
 .text.TWI_u08SendRepeatedStartCondition
                0x00000cea       0x28 ./MCAL/TWI/TWI_prg.o
                0x00000cea                TWI_u08SendRepeatedStartCondition
 .text.TWI_u08SendSlaveAddressRW
                0x00000d12       0x56 ./MCAL/TWI/TWI_prg.o
                0x00000d12                TWI_u08SendSlaveAddressRW
 .text.TWI_u08SendByte
                0x00000d68       0x44 ./MCAL/TWI/TWI_prg.o
                0x00000d68                TWI_u08SendByte
 .text.TWI_u08ReceiveByte
                0x00000dac       0x7e ./MCAL/TWI/TWI_prg.o
                0x00000dac                TWI_u08ReceiveByte
 .text.TWI_u08SendStopCondition
                0x00000e2a       0x1e ./MCAL/TWI/TWI_prg.o
                0x00000e2a                TWI_u08SendStopCondition
 .text.MTMR_vChangeMood
                0x00000e48      0x450 ./MCAL/TMR/TMR_prg.o
                0x00000e48                MTMR_vChangeMood
 .text.MTMR_vInit
                0x00001298       0x9a ./MCAL/TMR/TMR_prg.o
                0x00001298                MTMR_vInit
 .text.MTMR_vSetPreloadValue
                0x00001332       0x6a ./MCAL/TMR/TMR_prg.o
                0x00001332                MTMR_vSetPreloadValue
 .text.MTMR_vSetCompareValue
                0x0000139c       0x76 ./MCAL/TMR/TMR_prg.o
                0x0000139c                MTMR_vSetCompareValue
 .text.MTMR_vSetTopValue
                0x00001412       0x24 ./MCAL/TMR/TMR_prg.o
                0x00001412                MTMR_vSetTopValue
 .text.MTMR_vStartTimer
                0x00001436       0x74 ./MCAL/TMR/TMR_prg.o
                0x00001436                MTMR_vStartTimer
 .text.MTMR_vEndTimer
                0x000014aa       0x6e ./MCAL/TMR/TMR_prg.o
                0x000014aa                MTMR_vEndTimer
 .text.MTMR_vDelayOVF
                0x00001518      0x1d2 ./MCAL/TMR/TMR_prg.o
                0x00001518                MTMR_vDelayOVF
 .text.MTMR_vDeleteTask
                0x000016ea       0xd0 ./MCAL/TMR/TMR_prg.o
                0x000016ea                MTMR_vDeleteTask
 .text.MTMR_vCheckTasks
                0x000017ba       0xae ./MCAL/TMR/TMR_prg.o
                0x000017ba                MTMR_vCheckTasks
 .text.MTMR_vDelayCTC
                0x00001868      0x11e ./MCAL/TMR/TMR_prg.o
                0x00001868                MTMR_vDelayCTC
 .text.MTMR_u16GetCaptureTime
                0x00001986       0x16 ./MCAL/TMR/TMR_prg.o
                0x00001986                MTMR_u16GetCaptureTime
 .text.MTMR_u8GetTimeValue
                0x0000199c       0x14 ./MCAL/TMR/TMR_prg.o
                0x0000199c                MTMR_u8GetTimeValue
 .text.MTMR_vSetIcuTrigger
                0x000019b0       0x56 ./MCAL/TMR/TMR_prg.o
                0x000019b0                MTMR_vSetIcuTrigger
 .text.MTMR_vEnableInterrupt
                0x00001a06      0x132 ./MCAL/TMR/TMR_prg.o
                0x00001a06                MTMR_vEnableInterrupt
 .text.MTMR_vDisableInterrupt
                0x00001b38      0x132 ./MCAL/TMR/TMR_prg.o
                0x00001b38                MTMR_vDisableInterrupt
 .text.MTMR_vReadSignals
                0x00001c6a       0x5e ./MCAL/TMR/TMR_prg.o
                0x00001c6a                MTMR_vReadSignals
 .text.__vector_11
                0x00001cc8      0x174 ./MCAL/TMR/TMR_prg.o
                0x00001cc8                __vector_11
 .text.__vector_9
                0x00001e3c       0xfa ./MCAL/TMR/TMR_prg.o
                0x00001e3c                __vector_9
 .text.__vector_5
                0x00001f36      0x142 ./MCAL/TMR/TMR_prg.o
                0x00001f36                __vector_5
 .text.__vector_10
                0x00002078       0x7e ./MCAL/TMR/TMR_prg.o
                0x00002078                __vector_10
 .text.__vector_8
                0x000020f6       0x7e ./MCAL/TMR/TMR_prg.o
                0x000020f6                __vector_8
 .text.__vector_7
                0x00002174       0x7e ./MCAL/TMR/TMR_prg.o
                0x00002174                __vector_7
 .text.__vector_4
                0x000021f2       0x7e ./MCAL/TMR/TMR_prg.o
                0x000021f2                __vector_4
 .text.__vector_6
                0x00002270      0x16a ./MCAL/TMR/TMR_prg.o
                0x00002270                __vector_6
 .text.MGIE_vEnableGlobalInterrubt
                0x000023da       0x1c ./MCAL/GIE/GIE_prg.o
                0x000023da                MGIE_vEnableGlobalInterrubt
 .text.MGIE_vDisableGlobalInterrubt
                0x000023f6       0x1c ./MCAL/GIE/GIE_prg.o
                0x000023f6                MGIE_vDisableGlobalInterrubt
 .text.MEXTI_vinit
                0x00002412       0x38 ./MCAL/EXTI/EXTI_prg.o
                0x00002412                MEXTI_vinit
 .text.MDIO_vTogglePin
                0x0000244a       0xfa ./MCAL/DIO/DIO_prg.o
                0x0000244a                MDIO_vTogglePin
 .text.MDIO_vSetPinDir
                0x00002544      0x200 ./MCAL/DIO/DIO_prg.o
                0x00002544                MDIO_vSetPinDir
 .text.MDIO_vSetPinVal
                0x00002744      0x200 ./MCAL/DIO/DIO_prg.o
                0x00002744                MDIO_vSetPinVal
 .text.MDIO_u8GetPinVal
                0x00002944       0xf4 ./MCAL/DIO/DIO_prg.o
                0x00002944                MDIO_u8GetPinVal
 .text.MDIO_vSetPortDir
                0x00002a38       0x82 ./MCAL/DIO/DIO_prg.o
                0x00002a38                MDIO_vSetPortDir
 .text.MDIO_vSetPortVal
                0x00002aba       0x82 ./MCAL/DIO/DIO_prg.o
                0x00002aba                MDIO_vSetPortVal
 .text.MDIO_u8GetPortVal
                0x00002b3c       0x84 ./MCAL/DIO/DIO_prg.o
                0x00002b3c                MDIO_u8GetPortVal
 .text.HSYS_vInit
                0x00002bc0       0xc2 ./HAL/SYS/SYS_prg.o
                0x00002bc0                HSYS_vInit
 .text.HSYS_vTurnON
                0x00002c82       0xc6 ./HAL/SYS/SYS_prg.o
                0x00002c82                HSYS_vTurnON
 .text.HSYS_vTurnOFF
                0x00002d48       0xc6 ./HAL/SYS/SYS_prg.o
                0x00002d48                HSYS_vTurnOFF
 .text.HSTPR_Init
                0x00002e0e       0x4e ./HAL/STPR/STPR_prg.o
                0x00002e0e                HSTPR_Init
 .text.HSTPR_Rotate
                0x00002e5c       0x4a ./HAL/STPR/STPR_prg.o
                0x00002e5c                HSTPR_Rotate
 .text.HSTPR_Stop
                0x00002ea6       0x1e ./HAL/STPR/STPR_prg.o
                0x00002ea6                HSTPR_Stop
 .text.HSTPR_Walk
                0x00002ec4       0x1e ./HAL/STPR/STPR_prg.o
                0x00002ec4                HSTPR_Walk
 .text.HSSD_vDisplayNum
                0x00002ee2      0x128 ./HAL/SSD/SSD_prg.o
                0x00002ee2                HSSD_vDisplayNum
 .text.HSRV_vInit
                0x0000300a       0x28 ./HAL/SRV/SRV_prg.o
                0x0000300a                HSRV_vInit
 .text.HSRV_vSetAngle
                0x00003032       0x64 ./HAL/SRV/SRV_prg.o
                0x00003032                HSRV_vSetAngle
 .text.HSLN_IN  0x00003096       0x18 ./HAL/SLNDR/SLNDR_prg.o
                0x00003096                HSLN_IN
 .text.HSLN_OUT
                0x000030ae       0x18 ./HAL/SLNDR/SLNDR_prg.o
                0x000030ae                HSLN_OUT
 .text.HSLN_Init
                0x000030c6       0x22 ./HAL/SLNDR/SLNDR_prg.o
                0x000030c6                HSLN_Init
 .text.HSHFT_vInit
                0x000030e8       0x4a ./HAL/SHFT/SHFT_prg.o
                0x000030e8                HSHFT_vInit
 .text.ShiftRegester
                0x00003132       0x78 ./HAL/SHFT/SHFT_prg.o
                0x00003132                ShiftRegester
 .text.HLDCL_vInit
                0x000031aa       0x2c ./HAL/LDCL/LDCL_prg.o
                0x000031aa                HLDCL_vInit
 .text.HLDCL_vRead
                0x000031d6      0x472 ./HAL/LDCL/LDCL_prg.o
                0x000031d6                HLDCL_vRead
 .text.HLCD_vClearDisplay
                0x00003648      0x112 ./HAL/LCD/LCD_prg.o
                0x00003648                HLCD_vClearDisplay
 .text.HLCD_vSendCommand
                0x0000375a      0x210 ./HAL/LCD/LCD_prg.o
                0x0000375a                HLCD_vSendCommand
 .text.HLCD_vSendCommandIIC
                0x0000396a      0x3f4 ./HAL/LCD/LCD_prg.o
                0x0000396a                HLCD_vSendCommandIIC
 .text.HLCD_vSendChar
                0x00003d5e       0x44 ./HAL/LCD/LCD_prg.o
                0x00003d5e                HLCD_vSendChar
 .text.HLCD_vInit
                0x00003da2      0xaec ./HAL/LCD/LCD_prg.o
                0x00003da2                HLCD_vInit
 .text.HLCD_vPrintString
                0x0000488e       0x52 ./HAL/LCD/LCD_prg.o
                0x0000488e                HLCD_vPrintString
 .text.HLCD_vPrintNumber
                0x000048e0      0x316 ./HAL/LCD/LCD_prg.o
                0x000048e0                HLCD_vPrintNumber
 .text.HLCD_vSetCursorPosition
                0x00004bf6       0x88 ./HAL/LCD/LCD_prg.o
                0x00004bf6                HLCD_vSetCursorPosition
 .text.HLCD_vSaveCustomChar
                0x00004c7e       0x64 ./HAL/LCD/LCD_prg.o
                0x00004c7e                HLCD_vSaveCustomChar
 .text.expanderWrite
                0x00004ce2       0x2c ./HAL/LCD/LCD_prg.o
                0x00004ce2                expanderWrite
 .text.write4bits
                0x00004d0e       0x20 ./HAL/LCD/LCD_prg.o
                0x00004d0e                write4bits
 .text.send     0x00004d2e       0x4c ./HAL/LCD/LCD_prg.o
                0x00004d2e                send
 .text.command  0x00004d7a       0x1c ./HAL/LCD/LCD_prg.o
                0x00004d7a                command
 .text.pulseEnable
                0x00004d96      0x330 ./HAL/LCD/LCD_prg.o
                0x00004d96                pulseEnable
 .text.HKPD_init
                0x000050c6       0x1e ./HAL/KPD/KPD_prg.o
                0x000050c6                HKPD_init
 .text.HKPD_u8GetPressedKey
                0x000050e4      0x31a ./HAL/KPD/KPD_prg.o
                0x000050e4                HKPD_u8GetPressedKey
 .text.HIR_u8ReadIR
                0x000053fe       0x5e ./HAL/IR/IR_prg.o
                0x000053fe                HIR_u8ReadIR
 .text.HIR_Init
                0x0000545c       0x42 ./HAL/IR/IR_prg.o
                0x0000545c                HIR_Init
 .text.HCLR_vInit
                0x0000549e       0x80 ./HAL/CLR/CLR_prg.o
                0x0000549e                HCLR_vInit
 .text.HCLR_u8ScanColor
                0x0000551e      0x13a ./HAL/CLR/CLR_prg.o
                0x0000551e                HCLR_u8ScanColor
 .text.HBZR_vInit
                0x00005658       0x22 ./HAL/BZR/BZR_prg.o
                0x00005658                HBZR_vInit
 .text.HBZR_vFinish
                0x0000567a      0x11e ./HAL/BZR/BZR_prg.o
                0x0000567a                HBZR_vFinish
 .text.HBZR_vError
                0x00005798      0x202 ./HAL/BZR/BZR_prg.o
                0x00005798                HBZR_vError
 .text.main     0x0000599a      0x130 ./main.o
                0x0000599a                main
 .text.interface
                0x00005aca      0x356 ./main.o
                0x00005aca                interface
 .text.OpenSelender
                0x00005e20      0x1a2 ./main.o
                0x00005e20                OpenSelender
 .text.SSD_DESPLAY
                0x00005fc2       0x1a ./main.o
                0x00005fc2                SSD_DESPLAY
 .text.ScanColor
                0x00005fdc      0x142 ./main.o
                0x00005fdc                ScanColor
 .text.FillBox  0x0000611e       0x7e ./main.o
                0x0000611e                FillBox
 .text.libgcc   0x0000619c       0x3e c:/users/riad.desktop-9ij36io/desktop/documents/imtschool/protos/imt_sdk_win_64/winavr/bin/../lib/gcc/avr/4.3.3/avr5\libgcc.a(_mulsi3.o)
                0x0000619c                __mulsi3
 .text.libgcc   0x000061da       0x28 c:/users/riad.desktop-9ij36io/desktop/documents/imtschool/protos/imt_sdk_win_64/winavr/bin/../lib/gcc/avr/4.3.3/avr5\libgcc.a(_udivmodhi4.o)
                0x000061da                __udivmodhi4
 .text.libgcc   0x00006202       0x26 c:/users/riad.desktop-9ij36io/desktop/documents/imtschool/protos/imt_sdk_win_64/winavr/bin/../lib/gcc/avr/4.3.3/avr5\libgcc.a(_divmodhi4.o)
                0x00006202                __divmodhi4
                0x00006202                _div
 .text.libgcc   0x00006228       0x44 c:/users/riad.desktop-9ij36io/desktop/documents/imtschool/protos/imt_sdk_win_64/winavr/bin/../lib/gcc/avr/4.3.3/avr5\libgcc.a(_udivmodsi4.o)
                0x00006228                __udivmodsi4
 .text.libgcc   0x0000626c       0x36 c:/users/riad.desktop-9ij36io/desktop/documents/imtschool/protos/imt_sdk_win_64/winavr/bin/../lib/gcc/avr/4.3.3/avr5\libgcc.a(_divmodsi4.o)
                0x0000626c                __divmodsi4
 .text.libgcc   0x000062a2        0x0 c:/users/riad.desktop-9ij36io/desktop/documents/imtschool/protos/imt_sdk_win_64/winavr/bin/../lib/gcc/avr/4.3.3/avr5\libgcc.a(_exit.o)
 .text.libgcc   0x000062a2        0x0 c:/users/riad.desktop-9ij36io/desktop/documents/imtschool/protos/imt_sdk_win_64/winavr/bin/../lib/gcc/avr/4.3.3/avr5\libgcc.a(_copy_data.o)
 .text.libgcc   0x000062a2        0x0 c:/users/riad.desktop-9ij36io/desktop/documents/imtschool/protos/imt_sdk_win_64/winavr/bin/../lib/gcc/avr/4.3.3/avr5\libgcc.a(_clear_bss.o)
 .text.libgcc   0x000062a2       0x38 c:/users/riad.desktop-9ij36io/desktop/documents/imtschool/protos/imt_sdk_win_64/winavr/bin/../lib/gcc/avr/4.3.3/avr5\libgcc.a(_prologue.o)
                0x000062a2                __prologue_saves__
 .text.libgcc   0x000062da       0x36 c:/users/riad.desktop-9ij36io/desktop/documents/imtschool/protos/imt_sdk_win_64/winavr/bin/../lib/gcc/avr/4.3.3/avr5\libgcc.a(_epilogue.o)
                0x000062da                __epilogue_restores__
                0x00006310                . = ALIGN (0x2)
 *(.fini9)
 .fini9         0x00006310        0x0 c:/users/riad.desktop-9ij36io/desktop/documents/imtschool/protos/imt_sdk_win_64/winavr/bin/../lib/gcc/avr/4.3.3/avr5\libgcc.a(_exit.o)
                0x00006310                exit
                0x00006310                _exit
 *(.fini9)
 *(.fini8)
 *(.fini8)
 *(.fini7)
 *(.fini7)
 *(.fini6)
 *(.fini6)
 *(.fini5)
 *(.fini5)
 *(.fini4)
 *(.fini4)
 *(.fini3)
 *(.fini3)
 *(.fini2)
 *(.fini2)
 *(.fini1)
 *(.fini1)
 *(.fini0)
 .fini0         0x00006310        0x4 c:/users/riad.desktop-9ij36io/desktop/documents/imtschool/protos/imt_sdk_win_64/winavr/bin/../lib/gcc/avr/4.3.3/avr5\libgcc.a(_exit.o)
 *(.fini0)
                0x00006314                _etext = .

.data           0x00800060       0x6c load address 0x00006314
                0x00800060                PROVIDE (__data_start, .)
 *(.data)
 .data          0x00800060        0x0 c:/users/riad.desktop-9ij36io/desktop/documents/imtschool/protos/imt_sdk_win_64/winavr/bin/../lib/gcc/avr/4.3.3/../../../../avr/lib/avr5/crtm32.o
 .data          0x00800060        0x0 ./MCAL/TWI/TWI_prg.o
 .data          0x00800060        0x0 ./MCAL/TMR/TMR_prg.o
 .data          0x00800060        0x0 ./MCAL/GIE/GIE_prg.o
 .data          0x00800060        0x0 ./MCAL/EXTI/EXTI_prg.o
 .data          0x00800060        0x0 ./MCAL/DIO/DIO_prg.o
 .data          0x00800060        0x0 ./HAL/SYS/SYS_prg.o
 .data          0x00800060        0x0 ./HAL/STPR/STPR_prg.o
 .data          0x00800060        0x0 ./HAL/SSD/SSD_prg.o
 .data          0x00800060        0x0 ./HAL/SRV/SRV_prg.o
 .data          0x00800060        0x0 ./HAL/SLNDR/SLNDR_prg.o
 .data          0x00800060        0x0 ./HAL/SHFT/SHFT_prg.o
 .data          0x00800060        0x0 ./HAL/LDCL/LDCL_prg.o
 .data          0x00800060        0x0 ./HAL/LCD/LCD_prg.o
 .data          0x00800060        0x0 ./HAL/KPD/KPD_prg.o
 .data          0x00800060        0x0 ./HAL/IR/IR_prg.o
 .data          0x00800060        0x0 ./HAL/CLR/CLR_prg.o
 .data          0x00800060        0x0 ./HAL/BZR/BZR_prg.o
 .data          0x00800060       0x41 ./main.o
 .data          0x008000a1        0x0 c:/users/riad.desktop-9ij36io/desktop/documents/imtschool/protos/imt_sdk_win_64/winavr/bin/../lib/gcc/avr/4.3.3/avr5\libgcc.a(_mulsi3.o)
 .data          0x008000a1        0x0 c:/users/riad.desktop-9ij36io/desktop/documents/imtschool/protos/imt_sdk_win_64/winavr/bin/../lib/gcc/avr/4.3.3/avr5\libgcc.a(_udivmodhi4.o)
 .data          0x008000a1        0x0 c:/users/riad.desktop-9ij36io/desktop/documents/imtschool/protos/imt_sdk_win_64/winavr/bin/../lib/gcc/avr/4.3.3/avr5\libgcc.a(_divmodhi4.o)
 .data          0x008000a1        0x0 c:/users/riad.desktop-9ij36io/desktop/documents/imtschool/protos/imt_sdk_win_64/winavr/bin/../lib/gcc/avr/4.3.3/avr5\libgcc.a(_udivmodsi4.o)
 .data          0x008000a1        0x0 c:/users/riad.desktop-9ij36io/desktop/documents/imtschool/protos/imt_sdk_win_64/winavr/bin/../lib/gcc/avr/4.3.3/avr5\libgcc.a(_divmodsi4.o)
 .data          0x008000a1        0x0 c:/users/riad.desktop-9ij36io/desktop/documents/imtschool/protos/imt_sdk_win_64/winavr/bin/../lib/gcc/avr/4.3.3/avr5\libgcc.a(_exit.o)
 .data          0x008000a1        0x0 c:/users/riad.desktop-9ij36io/desktop/documents/imtschool/protos/imt_sdk_win_64/winavr/bin/../lib/gcc/avr/4.3.3/avr5\libgcc.a(_copy_data.o)
 .data          0x008000a1        0x0 c:/users/riad.desktop-9ij36io/desktop/documents/imtschool/protos/imt_sdk_win_64/winavr/bin/../lib/gcc/avr/4.3.3/avr5\libgcc.a(_clear_bss.o)
 .data          0x008000a1        0x0 c:/users/riad.desktop-9ij36io/desktop/documents/imtschool/protos/imt_sdk_win_64/winavr/bin/../lib/gcc/avr/4.3.3/avr5\libgcc.a(_fixunssfsi.o)
 .data          0x008000a1        0x0 c:/users/riad.desktop-9ij36io/desktop/documents/imtschool/protos/imt_sdk_win_64/winavr/bin/../lib/gcc/avr/4.3.3/avr5\libgcc.a(_addsub_sf.o)
 .data          0x008000a1        0x0 c:/users/riad.desktop-9ij36io/desktop/documents/imtschool/protos/imt_sdk_win_64/winavr/bin/../lib/gcc/avr/4.3.3/avr5\libgcc.a(_mul_sf.o)
 .data          0x008000a1        0x0 c:/users/riad.desktop-9ij36io/desktop/documents/imtschool/protos/imt_sdk_win_64/winavr/bin/../lib/gcc/avr/4.3.3/avr5\libgcc.a(_div_sf.o)
 .data          0x008000a1        0x0 c:/users/riad.desktop-9ij36io/desktop/documents/imtschool/protos/imt_sdk_win_64/winavr/bin/../lib/gcc/avr/4.3.3/avr5\libgcc.a(_gt_sf.o)
 .data          0x008000a1        0x0 c:/users/riad.desktop-9ij36io/desktop/documents/imtschool/protos/imt_sdk_win_64/winavr/bin/../lib/gcc/avr/4.3.3/avr5\libgcc.a(_ge_sf.o)
 .data          0x008000a1        0x0 c:/users/riad.desktop-9ij36io/desktop/documents/imtschool/protos/imt_sdk_win_64/winavr/bin/../lib/gcc/avr/4.3.3/avr5\libgcc.a(_lt_sf.o)
 .data          0x008000a1        0x0 c:/users/riad.desktop-9ij36io/desktop/documents/imtschool/protos/imt_sdk_win_64/winavr/bin/../lib/gcc/avr/4.3.3/avr5\libgcc.a(_sf_to_si.o)
 .data          0x008000a1        0x8 c:/users/riad.desktop-9ij36io/desktop/documents/imtschool/protos/imt_sdk_win_64/winavr/bin/../lib/gcc/avr/4.3.3/avr5\libgcc.a(_thenan_sf.o)
                0x008000a1                __thenan_sf
 .data          0x008000a9        0x0 c:/users/riad.desktop-9ij36io/desktop/documents/imtschool/protos/imt_sdk_win_64/winavr/bin/../lib/gcc/avr/4.3.3/avr5\libgcc.a(_prologue.o)
 .data          0x008000a9        0x0 c:/users/riad.desktop-9ij36io/desktop/documents/imtschool/protos/imt_sdk_win_64/winavr/bin/../lib/gcc/avr/4.3.3/avr5\libgcc.a(_epilogue.o)
 .data          0x008000a9        0x0 c:/users/riad.desktop-9ij36io/desktop/documents/imtschool/protos/imt_sdk_win_64/winavr/bin/../lib/gcc/avr/4.3.3/avr5\libgcc.a(_pack_sf.o)
 .data          0x008000a9        0x0 c:/users/riad.desktop-9ij36io/desktop/documents/imtschool/protos/imt_sdk_win_64/winavr/bin/../lib/gcc/avr/4.3.3/avr5\libgcc.a(_unpack_sf.o)
 .data          0x008000a9        0x0 c:/users/riad.desktop-9ij36io/desktop/documents/imtschool/protos/imt_sdk_win_64/winavr/bin/../lib/gcc/avr/4.3.3/avr5\libgcc.a(_fpcmp_parts_sf.o)
 *(.data*)
 .data.arr      0x008000a9       0x10 ./HAL/KPD/KPD_prg.o
                0x008000a9                arr
 .data.IR1_t    0x008000b9        0x2 ./main.o
                0x008000b9                IR1_t
 .data.IR2_t    0x008000bb        0x2 ./main.o
                0x008000bb                IR2_t
 .data.IR3_t    0x008000bd        0x2 ./main.o
                0x008000bd                IR3_t
 .data.IR4_t    0x008000bf        0x2 ./main.o
                0x008000bf                IR4_t
 *(.rodata)
 *(.rodata*)
 .rodata.CGS_u8SSD_Num
                0x008000c1        0xa ./HAL/SSD/SSD_prg.o
 *(.gnu.linkonce.d*)
                0x008000cc                . = ALIGN (0x2)
 *fill*         0x008000cb        0x1 00
                0x008000cc                _edata = .
                0x008000cc                PROVIDE (__data_end, .)

.bss            0x008000cc       0x94
                0x008000cc                PROVIDE (__bss_start, .)
 *(.bss)
 .bss           0x008000cc        0x0 c:/users/riad.desktop-9ij36io/desktop/documents/imtschool/protos/imt_sdk_win_64/winavr/bin/../lib/gcc/avr/4.3.3/../../../../avr/lib/avr5/crtm32.o
 .bss           0x008000cc        0x0 ./MCAL/TWI/TWI_prg.o
 .bss           0x008000cc        0x0 ./MCAL/TMR/TMR_prg.o
 .bss           0x008000cc        0x0 ./MCAL/GIE/GIE_prg.o
 .bss           0x008000cc        0x0 ./MCAL/EXTI/EXTI_prg.o
 .bss           0x008000cc        0x0 ./MCAL/DIO/DIO_prg.o
 .bss           0x008000cc        0x0 ./HAL/SYS/SYS_prg.o
 .bss           0x008000cc        0x0 ./HAL/STPR/STPR_prg.o
 .bss           0x008000cc        0x0 ./HAL/SSD/SSD_prg.o
 .bss           0x008000cc        0x0 ./HAL/SRV/SRV_prg.o
 .bss           0x008000cc        0x0 ./HAL/SLNDR/SLNDR_prg.o
 .bss           0x008000cc        0x0 ./HAL/SHFT/SHFT_prg.o
 .bss           0x008000cc        0x0 ./HAL/LDCL/LDCL_prg.o
 .bss           0x008000cc        0x0 ./HAL/LCD/LCD_prg.o
 .bss           0x008000cc        0x0 ./HAL/KPD/KPD_prg.o
 .bss           0x008000cc        0x0 ./HAL/IR/IR_prg.o
 .bss           0x008000cc        0x0 ./HAL/CLR/CLR_prg.o
 .bss           0x008000cc        0x0 ./HAL/BZR/BZR_prg.o
 .bss           0x008000cc        0x0 ./main.o
 .bss           0x008000cc        0x0 c:/users/riad.desktop-9ij36io/desktop/documents/imtschool/protos/imt_sdk_win_64/winavr/bin/../lib/gcc/avr/4.3.3/avr5\libgcc.a(_mulsi3.o)
 .bss           0x008000cc        0x0 c:/users/riad.desktop-9ij36io/desktop/documents/imtschool/protos/imt_sdk_win_64/winavr/bin/../lib/gcc/avr/4.3.3/avr5\libgcc.a(_udivmodhi4.o)
 .bss           0x008000cc        0x0 c:/users/riad.desktop-9ij36io/desktop/documents/imtschool/protos/imt_sdk_win_64/winavr/bin/../lib/gcc/avr/4.3.3/avr5\libgcc.a(_divmodhi4.o)
 .bss           0x008000cc        0x0 c:/users/riad.desktop-9ij36io/desktop/documents/imtschool/protos/imt_sdk_win_64/winavr/bin/../lib/gcc/avr/4.3.3/avr5\libgcc.a(_udivmodsi4.o)
 .bss           0x008000cc        0x0 c:/users/riad.desktop-9ij36io/desktop/documents/imtschool/protos/imt_sdk_win_64/winavr/bin/../lib/gcc/avr/4.3.3/avr5\libgcc.a(_divmodsi4.o)
 .bss           0x008000cc        0x0 c:/users/riad.desktop-9ij36io/desktop/documents/imtschool/protos/imt_sdk_win_64/winavr/bin/../lib/gcc/avr/4.3.3/avr5\libgcc.a(_exit.o)
 .bss           0x008000cc        0x0 c:/users/riad.desktop-9ij36io/desktop/documents/imtschool/protos/imt_sdk_win_64/winavr/bin/../lib/gcc/avr/4.3.3/avr5\libgcc.a(_copy_data.o)
 .bss           0x008000cc        0x0 c:/users/riad.desktop-9ij36io/desktop/documents/imtschool/protos/imt_sdk_win_64/winavr/bin/../lib/gcc/avr/4.3.3/avr5\libgcc.a(_clear_bss.o)
 .bss           0x008000cc        0x0 c:/users/riad.desktop-9ij36io/desktop/documents/imtschool/protos/imt_sdk_win_64/winavr/bin/../lib/gcc/avr/4.3.3/avr5\libgcc.a(_fixunssfsi.o)
 .bss           0x008000cc        0x0 c:/users/riad.desktop-9ij36io/desktop/documents/imtschool/protos/imt_sdk_win_64/winavr/bin/../lib/gcc/avr/4.3.3/avr5\libgcc.a(_addsub_sf.o)
 .bss           0x008000cc        0x0 c:/users/riad.desktop-9ij36io/desktop/documents/imtschool/protos/imt_sdk_win_64/winavr/bin/../lib/gcc/avr/4.3.3/avr5\libgcc.a(_mul_sf.o)
 .bss           0x008000cc        0x0 c:/users/riad.desktop-9ij36io/desktop/documents/imtschool/protos/imt_sdk_win_64/winavr/bin/../lib/gcc/avr/4.3.3/avr5\libgcc.a(_div_sf.o)
 .bss           0x008000cc        0x0 c:/users/riad.desktop-9ij36io/desktop/documents/imtschool/protos/imt_sdk_win_64/winavr/bin/../lib/gcc/avr/4.3.3/avr5\libgcc.a(_gt_sf.o)
 .bss           0x008000cc        0x0 c:/users/riad.desktop-9ij36io/desktop/documents/imtschool/protos/imt_sdk_win_64/winavr/bin/../lib/gcc/avr/4.3.3/avr5\libgcc.a(_ge_sf.o)
 .bss           0x008000cc        0x0 c:/users/riad.desktop-9ij36io/desktop/documents/imtschool/protos/imt_sdk_win_64/winavr/bin/../lib/gcc/avr/4.3.3/avr5\libgcc.a(_lt_sf.o)
 .bss           0x008000cc        0x0 c:/users/riad.desktop-9ij36io/desktop/documents/imtschool/protos/imt_sdk_win_64/winavr/bin/../lib/gcc/avr/4.3.3/avr5\libgcc.a(_sf_to_si.o)
 .bss           0x008000cc        0x0 c:/users/riad.desktop-9ij36io/desktop/documents/imtschool/protos/imt_sdk_win_64/winavr/bin/../lib/gcc/avr/4.3.3/avr5\libgcc.a(_thenan_sf.o)
 .bss           0x008000cc        0x0 c:/users/riad.desktop-9ij36io/desktop/documents/imtschool/protos/imt_sdk_win_64/winavr/bin/../lib/gcc/avr/4.3.3/avr5\libgcc.a(_prologue.o)
 .bss           0x008000cc        0x0 c:/users/riad.desktop-9ij36io/desktop/documents/imtschool/protos/imt_sdk_win_64/winavr/bin/../lib/gcc/avr/4.3.3/avr5\libgcc.a(_epilogue.o)
 .bss           0x008000cc        0x0 c:/users/riad.desktop-9ij36io/desktop/documents/imtschool/protos/imt_sdk_win_64/winavr/bin/../lib/gcc/avr/4.3.3/avr5\libgcc.a(_pack_sf.o)
 .bss           0x008000cc        0x0 c:/users/riad.desktop-9ij36io/desktop/documents/imtschool/protos/imt_sdk_win_64/winavr/bin/../lib/gcc/avr/4.3.3/avr5\libgcc.a(_unpack_sf.o)
 .bss           0x008000cc        0x0 c:/users/riad.desktop-9ij36io/desktop/documents/imtschool/protos/imt_sdk_win_64/winavr/bin/../lib/gcc/avr/4.3.3/avr5\libgcc.a(_fpcmp_parts_sf.o)
 *(.bss*)
 .bss.GS_u16pt  0x008000cc        0x2 ./MCAL/TMR/TMR_prg.o
 .bss.GS_u16ont
                0x008000ce        0x2 ./MCAL/TMR/TMR_prg.o
 .bss.GS_u8ReadFlag
                0x008000d0        0x1 ./MCAL/TMR/TMR_prg.o
 .bss.TMR0_OVF_Pointer
                0x008000d1        0x5 ./MCAL/TMR/TMR_prg.o
                0x008000d1                TMR0_OVF_Pointer
 .bss.Pointer_deg
                0x008000d6        0x1 ./MCAL/TMR/TMR_prg.o
                0x008000d6                Pointer_deg
 .bss.LS_u32Counter.2006
                0x008000d7        0x4 ./MCAL/TMR/TMR_prg.o
 .bss.LS_u16Counter.2041
                0x008000db        0x2 ./MCAL/TMR/TMR_prg.o
 .bss.LS_u32Counter.2069
                0x008000dd        0x4 ./MCAL/TMR/TMR_prg.o
 .bss.L_u16CounterCTC0.2097
                0x008000e1        0x1 ./MCAL/TMR/TMR_prg.o
 .bss.L_u16CounterCTC1.2111
                0x008000e2        0x1 ./MCAL/TMR/TMR_prg.o
 .bss.L_u16CounterCTC1.2125
                0x008000e3        0x1 ./MCAL/TMR/TMR_prg.o
 .bss.L_u16CounterCTC2.2139
                0x008000e4        0x1 ./MCAL/TMR/TMR_prg.o
 .bss.timetriggered.2154
                0x008000e5        0x6 ./MCAL/TMR/TMR_prg.o
 .bss.LS_u8counter.2153
                0x008000eb        0x1 ./MCAL/TMR/TMR_prg.o
 .bss.i.1306    0x008000ec        0x1 ./HAL/STPR/STPR_prg.o
 .bss.Read.1301
                0x008000ed        0x1 ./HAL/CLR/CLR_prg.o
 .bss.x.1300    0x008000ee        0x1 ./HAL/CLR/CLR_prg.o
 .bss.blueFrequency.1299
                0x008000ef        0x2 ./HAL/CLR/CLR_prg.o
 .bss.greenFrequency.1298
                0x008000f1        0x2 ./HAL/CLR/CLR_prg.o
 .bss.redFrequency.1297
                0x008000f3        0x2 ./HAL/CLR/CLR_prg.o
 .bss.count     0x008000f5        0x1 ./main.o
                0x008000f5                count
 .bss.Color     0x008000f6        0x1 ./main.o
                0x008000f6                Color
 .bss.Weight    0x008000f7        0x1 ./main.o
                0x008000f7                Weight
 .bss.counter   0x008000f8        0x1 ./main.o
                0x008000f8                counter
 .bss.Flag_Appropriate
                0x008000f9        0x5 ./main.o
                0x008000f9                Flag_Appropriate
 .bss.ScanColor_Flag
                0x008000fe        0x1 ./main.o
                0x008000fe                ScanColor_Flag
 .bss.OpenSelender_Flag
                0x008000ff        0x1 ./main.o
                0x008000ff                OpenSelender_Flag
 .bss.FillBox_Flag
                0x00800100        0x1 ./main.o
                0x00800100                FillBox_Flag
 .bss.CounterColor.1613
                0x00800101        0x1 ./main.o
 *(COMMON)
 COMMON         0x00800102       0x52 ./MCAL/TMR/TMR_prg.o
                0x00800102                G_u16CounterOVF0
                0x0080010c                TMR1_OVF_callback
                0x00800116                TMR1_CTC_callback
                0x00800118                G_u8I1
                0x00800119                G_u16CounterCTC0
                0x0080011b                G_u16CounterOVF1
                0x00800125                G_u16CounterCTC2
                0x00800127                TMR0_CTC_callback
                0x00800129                TMR1_ICU_callback
                0x0080012b                TMR2_CTC_callback
                0x0080012d                G_u8FlagOVF0
                0x00800132                G_u16CounterCTC1
                0x00800134                TMR0_OVF_callback
                0x0080013e                G_u8I0
                0x0080013f                G_u8I2
                0x00800140                G_u16CounterOVF2
                0x0080014a                TMR2_OVF_callback
 COMMON         0x00800154        0x2 ./HAL/STPR/STPR_prg.o
                0x00800154                Word
 COMMON         0x00800156        0xa ./main.o
                0x00800156                Weight_B
                0x0080015b                Color_B
                0x00800160                PROVIDE (__bss_end, .)
                0x00006314                __data_load_start = LOADADDR (.data)
                0x00006380                __data_load_end = (__data_load_start + SIZEOF (.data))

.noinit         0x00800160        0x0
                0x00800160                PROVIDE (__noinit_start, .)
 *(.noinit*)
                0x00800160                PROVIDE (__noinit_end, .)
                0x00800160                _end = .
                0x00800160                PROVIDE (__heap_start, .)

.eeprom         0x00810000        0x0
 *(.eeprom*)
                0x00810000                __eeprom_end = .

.fuse
 *(.fuse)
 *(.lfuse)
 *(.hfuse)
 *(.efuse)

.lock
 *(.lock*)

.signature
 *(.signature*)

.stab           0x00000000     0x6d5c
 *(.stab)
 .stab          0x00000000      0x3d8 ./MCAL/TWI/TWI_prg.o
 .stab          0x000003d8     0x15a8 ./MCAL/TMR/TMR_prg.o
                               0x15b4 (size before relaxing)
 .stab          0x00001980      0x1b0 ./MCAL/GIE/GIE_prg.o
                                0x1bc (size before relaxing)
 .stab          0x00001b30      0x198 ./MCAL/EXTI/EXTI_prg.o
                                0x1a4 (size before relaxing)
 .stab          0x00001cc8      0x5c4 ./MCAL/DIO/DIO_prg.o
                                0x5d0 (size before relaxing)
 .stab          0x0000228c      0x4bc ./HAL/SYS/SYS_prg.o
                                0x4c8 (size before relaxing)
 .stab          0x00002748      0x45c ./HAL/STPR/STPR_prg.o
                                0x468 (size before relaxing)
 .stab          0x00002ba4      0x228 ./HAL/SSD/SSD_prg.o
                                0x234 (size before relaxing)
 .stab          0x00002dcc      0x258 ./HAL/SRV/SRV_prg.o
                                0x264 (size before relaxing)
 .stab          0x00003024      0x1ec ./HAL/SLNDR/SLNDR_prg.o
                                0x1f8 (size before relaxing)
 .stab          0x00003210      0x2a0 ./HAL/SHFT/SHFT_prg.o
                                0x2ac (size before relaxing)
 .stab          0x000034b0      0x57c ./HAL/LDCL/LDCL_prg.o
                                0x714 (size before relaxing)
 .stab          0x00003a2c     0x16c8 ./HAL/LCD/LCD_prg.o
                               0x1860 (size before relaxing)
 .stab          0x000050f4      0x534 ./HAL/KPD/KPD_prg.o
                                0x6cc (size before relaxing)
 .stab          0x00005628      0x2b8 ./HAL/IR/IR_prg.o
                                0x2c4 (size before relaxing)
 .stab          0x000058e0      0x3cc ./HAL/CLR/CLR_prg.o
                                0x3d8 (size before relaxing)
 .stab          0x00005cac      0x444 ./HAL/BZR/BZR_prg.o
                                0x5dc (size before relaxing)
 .stab          0x000060f0      0xc6c ./main.o
                                0xea0 (size before relaxing)

.stabstr        0x00000000     0x1ebe
 *(.stabstr)
 .stabstr       0x00000000     0x1ebe ./MCAL/TWI/TWI_prg.o

.stab.excl
 *(.stab.excl)

.stab.exclstr
 *(.stab.exclstr)

.stab.index
 *(.stab.index)

.stab.indexstr
 *(.stab.indexstr)

.comment
 *(.comment)

.debug
 *(.debug)

.line
 *(.line)

.debug_srcinfo
 *(.debug_srcinfo)

.debug_sfnames
 *(.debug_sfnames)

.debug_aranges  0x00000000      0x160
 *(.debug_aranges)
 .debug_aranges
                0x00000000       0x20 c:/users/riad.desktop-9ij36io/desktop/documents/imtschool/protos/imt_sdk_win_64/winavr/bin/../lib/gcc/avr/4.3.3/avr5\libgcc.a(_fixunssfsi.o)
 .debug_aranges
                0x00000020       0x20 c:/users/riad.desktop-9ij36io/desktop/documents/imtschool/protos/imt_sdk_win_64/winavr/bin/../lib/gcc/avr/4.3.3/avr5\libgcc.a(_addsub_sf.o)
 .debug_aranges
                0x00000040       0x20 c:/users/riad.desktop-9ij36io/desktop/documents/imtschool/protos/imt_sdk_win_64/winavr/bin/../lib/gcc/avr/4.3.3/avr5\libgcc.a(_mul_sf.o)
 .debug_aranges
                0x00000060       0x20 c:/users/riad.desktop-9ij36io/desktop/documents/imtschool/protos/imt_sdk_win_64/winavr/bin/../lib/gcc/avr/4.3.3/avr5\libgcc.a(_div_sf.o)
 .debug_aranges
                0x00000080       0x20 c:/users/riad.desktop-9ij36io/desktop/documents/imtschool/protos/imt_sdk_win_64/winavr/bin/../lib/gcc/avr/4.3.3/avr5\libgcc.a(_gt_sf.o)
 .debug_aranges
                0x000000a0       0x20 c:/users/riad.desktop-9ij36io/desktop/documents/imtschool/protos/imt_sdk_win_64/winavr/bin/../lib/gcc/avr/4.3.3/avr5\libgcc.a(_ge_sf.o)
 .debug_aranges
                0x000000c0       0x20 c:/users/riad.desktop-9ij36io/desktop/documents/imtschool/protos/imt_sdk_win_64/winavr/bin/../lib/gcc/avr/4.3.3/avr5\libgcc.a(_lt_sf.o)
 .debug_aranges
                0x000000e0       0x20 c:/users/riad.desktop-9ij36io/desktop/documents/imtschool/protos/imt_sdk_win_64/winavr/bin/../lib/gcc/avr/4.3.3/avr5\libgcc.a(_sf_to_si.o)
 .debug_aranges
                0x00000100       0x20 c:/users/riad.desktop-9ij36io/desktop/documents/imtschool/protos/imt_sdk_win_64/winavr/bin/../lib/gcc/avr/4.3.3/avr5\libgcc.a(_pack_sf.o)
 .debug_aranges
                0x00000120       0x20 c:/users/riad.desktop-9ij36io/desktop/documents/imtschool/protos/imt_sdk_win_64/winavr/bin/../lib/gcc/avr/4.3.3/avr5\libgcc.a(_unpack_sf.o)
 .debug_aranges
                0x00000140       0x20 c:/users/riad.desktop-9ij36io/desktop/documents/imtschool/protos/imt_sdk_win_64/winavr/bin/../lib/gcc/avr/4.3.3/avr5\libgcc.a(_fpcmp_parts_sf.o)

.debug_pubnames
                0x00000000      0x18f
 *(.debug_pubnames)
 .debug_pubnames
                0x00000000       0x23 c:/users/riad.desktop-9ij36io/desktop/documents/imtschool/protos/imt_sdk_win_64/winavr/bin/../lib/gcc/avr/4.3.3/avr5\libgcc.a(_fixunssfsi.o)
 .debug_pubnames
                0x00000023       0x2c c:/users/riad.desktop-9ij36io/desktop/documents/imtschool/protos/imt_sdk_win_64/winavr/bin/../lib/gcc/avr/4.3.3/avr5\libgcc.a(_addsub_sf.o)
 .debug_pubnames
                0x0000004f       0x1f c:/users/riad.desktop-9ij36io/desktop/documents/imtschool/protos/imt_sdk_win_64/winavr/bin/../lib/gcc/avr/4.3.3/avr5\libgcc.a(_mul_sf.o)
 .debug_pubnames
                0x0000006e       0x1f c:/users/riad.desktop-9ij36io/desktop/documents/imtschool/protos/imt_sdk_win_64/winavr/bin/../lib/gcc/avr/4.3.3/avr5\libgcc.a(_div_sf.o)
 .debug_pubnames
                0x0000008d       0x1e c:/users/riad.desktop-9ij36io/desktop/documents/imtschool/protos/imt_sdk_win_64/winavr/bin/../lib/gcc/avr/4.3.3/avr5\libgcc.a(_gt_sf.o)
 .debug_pubnames
                0x000000ab       0x1e c:/users/riad.desktop-9ij36io/desktop/documents/imtschool/protos/imt_sdk_win_64/winavr/bin/../lib/gcc/avr/4.3.3/avr5\libgcc.a(_ge_sf.o)
 .debug_pubnames
                0x000000c9       0x1e c:/users/riad.desktop-9ij36io/desktop/documents/imtschool/protos/imt_sdk_win_64/winavr/bin/../lib/gcc/avr/4.3.3/avr5\libgcc.a(_lt_sf.o)
 .debug_pubnames
                0x000000e7       0x20 c:/users/riad.desktop-9ij36io/desktop/documents/imtschool/protos/imt_sdk_win_64/winavr/bin/../lib/gcc/avr/4.3.3/avr5\libgcc.a(_sf_to_si.o)
 .debug_pubnames
                0x00000107       0x22 c:/users/riad.desktop-9ij36io/desktop/documents/imtschool/protos/imt_sdk_win_64/winavr/bin/../lib/gcc/avr/4.3.3/avr5\libgcc.a(_thenan_sf.o)
 .debug_pubnames
                0x00000129       0x1f c:/users/riad.desktop-9ij36io/desktop/documents/imtschool/protos/imt_sdk_win_64/winavr/bin/../lib/gcc/avr/4.3.3/avr5\libgcc.a(_pack_sf.o)
 .debug_pubnames
                0x00000148       0x21 c:/users/riad.desktop-9ij36io/desktop/documents/imtschool/protos/imt_sdk_win_64/winavr/bin/../lib/gcc/avr/4.3.3/avr5\libgcc.a(_unpack_sf.o)
 .debug_pubnames
                0x00000169       0x26 c:/users/riad.desktop-9ij36io/desktop/documents/imtschool/protos/imt_sdk_win_64/winavr/bin/../lib/gcc/avr/4.3.3/avr5\libgcc.a(_fpcmp_parts_sf.o)

.debug_info     0x00000000     0x2045
 *(.debug_info)
 .debug_info    0x00000000       0xb1 c:/users/riad.desktop-9ij36io/desktop/documents/imtschool/protos/imt_sdk_win_64/winavr/bin/../lib/gcc/avr/4.3.3/avr5\libgcc.a(_fixunssfsi.o)
 .debug_info    0x000000b1      0x47a c:/users/riad.desktop-9ij36io/desktop/documents/imtschool/protos/imt_sdk_win_64/winavr/bin/../lib/gcc/avr/4.3.3/avr5\libgcc.a(_addsub_sf.o)
 .debug_info    0x0000052b      0x485 c:/users/riad.desktop-9ij36io/desktop/documents/imtschool/protos/imt_sdk_win_64/winavr/bin/../lib/gcc/avr/4.3.3/avr5\libgcc.a(_mul_sf.o)
 .debug_info    0x000009b0      0x3fc c:/users/riad.desktop-9ij36io/desktop/documents/imtschool/protos/imt_sdk_win_64/winavr/bin/../lib/gcc/avr/4.3.3/avr5\libgcc.a(_div_sf.o)
 .debug_info    0x00000dac      0x27f c:/users/riad.desktop-9ij36io/desktop/documents/imtschool/protos/imt_sdk_win_64/winavr/bin/../lib/gcc/avr/4.3.3/avr5\libgcc.a(_gt_sf.o)
 .debug_info    0x0000102b      0x27f c:/users/riad.desktop-9ij36io/desktop/documents/imtschool/protos/imt_sdk_win_64/winavr/bin/../lib/gcc/avr/4.3.3/avr5\libgcc.a(_ge_sf.o)
 .debug_info    0x000012aa      0x27f c:/users/riad.desktop-9ij36io/desktop/documents/imtschool/protos/imt_sdk_win_64/winavr/bin/../lib/gcc/avr/4.3.3/avr5\libgcc.a(_lt_sf.o)
 .debug_info    0x00001529      0x2b0 c:/users/riad.desktop-9ij36io/desktop/documents/imtschool/protos/imt_sdk_win_64/winavr/bin/../lib/gcc/avr/4.3.3/avr5\libgcc.a(_sf_to_si.o)
 .debug_info    0x000017d9      0x12c c:/users/riad.desktop-9ij36io/desktop/documents/imtschool/protos/imt_sdk_win_64/winavr/bin/../lib/gcc/avr/4.3.3/avr5\libgcc.a(_thenan_sf.o)
 .debug_info    0x00001905      0x2df c:/users/riad.desktop-9ij36io/desktop/documents/imtschool/protos/imt_sdk_win_64/winavr/bin/../lib/gcc/avr/4.3.3/avr5\libgcc.a(_pack_sf.o)
 .debug_info    0x00001be4      0x251 c:/users/riad.desktop-9ij36io/desktop/documents/imtschool/protos/imt_sdk_win_64/winavr/bin/../lib/gcc/avr/4.3.3/avr5\libgcc.a(_unpack_sf.o)
 .debug_info    0x00001e35      0x210 c:/users/riad.desktop-9ij36io/desktop/documents/imtschool/protos/imt_sdk_win_64/winavr/bin/../lib/gcc/avr/4.3.3/avr5\libgcc.a(_fpcmp_parts_sf.o)
 *(.gnu.linkonce.wi.*)

.debug_abbrev   0x00000000     0x1101
 *(.debug_abbrev)
 .debug_abbrev  0x00000000       0x5d c:/users/riad.desktop-9ij36io/desktop/documents/imtschool/protos/imt_sdk_win_64/winavr/bin/../lib/gcc/avr/4.3.3/avr5\libgcc.a(_fixunssfsi.o)
 .debug_abbrev  0x0000005d      0x1ea c:/users/riad.desktop-9ij36io/desktop/documents/imtschool/protos/imt_sdk_win_64/winavr/bin/../lib/gcc/avr/4.3.3/avr5\libgcc.a(_addsub_sf.o)
 .debug_abbrev  0x00000247      0x21b c:/users/riad.desktop-9ij36io/desktop/documents/imtschool/protos/imt_sdk_win_64/winavr/bin/../lib/gcc/avr/4.3.3/avr5\libgcc.a(_mul_sf.o)
 .debug_abbrev  0x00000462      0x216 c:/users/riad.desktop-9ij36io/desktop/documents/imtschool/protos/imt_sdk_win_64/winavr/bin/../lib/gcc/avr/4.3.3/avr5\libgcc.a(_div_sf.o)
 .debug_abbrev  0x00000678      0x15a c:/users/riad.desktop-9ij36io/desktop/documents/imtschool/protos/imt_sdk_win_64/winavr/bin/../lib/gcc/avr/4.3.3/avr5\libgcc.a(_gt_sf.o)
 .debug_abbrev  0x000007d2      0x15a c:/users/riad.desktop-9ij36io/desktop/documents/imtschool/protos/imt_sdk_win_64/winavr/bin/../lib/gcc/avr/4.3.3/avr5\libgcc.a(_ge_sf.o)
 .debug_abbrev  0x0000092c      0x15a c:/users/riad.desktop-9ij36io/desktop/documents/imtschool/protos/imt_sdk_win_64/winavr/bin/../lib/gcc/avr/4.3.3/avr5\libgcc.a(_lt_sf.o)
 .debug_abbrev  0x00000a86      0x17f c:/users/riad.desktop-9ij36io/desktop/documents/imtschool/protos/imt_sdk_win_64/winavr/bin/../lib/gcc/avr/4.3.3/avr5\libgcc.a(_sf_to_si.o)
 .debug_abbrev  0x00000c05       0xad c:/users/riad.desktop-9ij36io/desktop/documents/imtschool/protos/imt_sdk_win_64/winavr/bin/../lib/gcc/avr/4.3.3/avr5\libgcc.a(_thenan_sf.o)
 .debug_abbrev  0x00000cb2      0x1c0 c:/users/riad.desktop-9ij36io/desktop/documents/imtschool/protos/imt_sdk_win_64/winavr/bin/../lib/gcc/avr/4.3.3/avr5\libgcc.a(_pack_sf.o)
 .debug_abbrev  0x00000e72      0x154 c:/users/riad.desktop-9ij36io/desktop/documents/imtschool/protos/imt_sdk_win_64/winavr/bin/../lib/gcc/avr/4.3.3/avr5\libgcc.a(_unpack_sf.o)
 .debug_abbrev  0x00000fc6      0x13b c:/users/riad.desktop-9ij36io/desktop/documents/imtschool/protos/imt_sdk_win_64/winavr/bin/../lib/gcc/avr/4.3.3/avr5\libgcc.a(_fpcmp_parts_sf.o)

.debug_line     0x00000000      0xf82
 *(.debug_line)
 .debug_line    0x00000000       0xa7 c:/users/riad.desktop-9ij36io/desktop/documents/imtschool/protos/imt_sdk_win_64/winavr/bin/../lib/gcc/avr/4.3.3/avr5\libgcc.a(_fixunssfsi.o)
 .debug_line    0x000000a7      0x2af c:/users/riad.desktop-9ij36io/desktop/documents/imtschool/protos/imt_sdk_win_64/winavr/bin/../lib/gcc/avr/4.3.3/avr5\libgcc.a(_addsub_sf.o)
 .debug_line    0x00000356      0x239 c:/users/riad.desktop-9ij36io/desktop/documents/imtschool/protos/imt_sdk_win_64/winavr/bin/../lib/gcc/avr/4.3.3/avr5\libgcc.a(_mul_sf.o)
 .debug_line    0x0000058f      0x1d5 c:/users/riad.desktop-9ij36io/desktop/documents/imtschool/protos/imt_sdk_win_64/winavr/bin/../lib/gcc/avr/4.3.3/avr5\libgcc.a(_div_sf.o)
 .debug_line    0x00000764       0xd3 c:/users/riad.desktop-9ij36io/desktop/documents/imtschool/protos/imt_sdk_win_64/winavr/bin/../lib/gcc/avr/4.3.3/avr5\libgcc.a(_gt_sf.o)
 .debug_line    0x00000837       0xd3 c:/users/riad.desktop-9ij36io/desktop/documents/imtschool/protos/imt_sdk_win_64/winavr/bin/../lib/gcc/avr/4.3.3/avr5\libgcc.a(_ge_sf.o)
 .debug_line    0x0000090a       0xd3 c:/users/riad.desktop-9ij36io/desktop/documents/imtschool/protos/imt_sdk_win_64/winavr/bin/../lib/gcc/avr/4.3.3/avr5\libgcc.a(_lt_sf.o)
 .debug_line    0x000009dd      0x109 c:/users/riad.desktop-9ij36io/desktop/documents/imtschool/protos/imt_sdk_win_64/winavr/bin/../lib/gcc/avr/4.3.3/avr5\libgcc.a(_sf_to_si.o)
 .debug_line    0x00000ae6       0x90 c:/users/riad.desktop-9ij36io/desktop/documents/imtschool/protos/imt_sdk_win_64/winavr/bin/../lib/gcc/avr/4.3.3/avr5\libgcc.a(_thenan_sf.o)
 .debug_line    0x00000b76      0x18a c:/users/riad.desktop-9ij36io/desktop/documents/imtschool/protos/imt_sdk_win_64/winavr/bin/../lib/gcc/avr/4.3.3/avr5\libgcc.a(_pack_sf.o)
 .debug_line    0x00000d00      0x14b c:/users/riad.desktop-9ij36io/desktop/documents/imtschool/protos/imt_sdk_win_64/winavr/bin/../lib/gcc/avr/4.3.3/avr5\libgcc.a(_unpack_sf.o)
 .debug_line    0x00000e4b      0x137 c:/users/riad.desktop-9ij36io/desktop/documents/imtschool/protos/imt_sdk_win_64/winavr/bin/../lib/gcc/avr/4.3.3/avr5\libgcc.a(_fpcmp_parts_sf.o)

.debug_frame    0x00000000      0x180
 *(.debug_frame)
 .debug_frame   0x00000000       0x20 c:/users/riad.desktop-9ij36io/desktop/documents/imtschool/protos/imt_sdk_win_64/winavr/bin/../lib/gcc/avr/4.3.3/avr5\libgcc.a(_fixunssfsi.o)
 .debug_frame   0x00000020       0x40 c:/users/riad.desktop-9ij36io/desktop/documents/imtschool/protos/imt_sdk_win_64/winavr/bin/../lib/gcc/avr/4.3.3/avr5\libgcc.a(_addsub_sf.o)
 .debug_frame   0x00000060       0x20 c:/users/riad.desktop-9ij36io/desktop/documents/imtschool/protos/imt_sdk_win_64/winavr/bin/../lib/gcc/avr/4.3.3/avr5\libgcc.a(_mul_sf.o)
 .debug_frame   0x00000080       0x20 c:/users/riad.desktop-9ij36io/desktop/documents/imtschool/protos/imt_sdk_win_64/winavr/bin/../lib/gcc/avr/4.3.3/avr5\libgcc.a(_div_sf.o)
 .debug_frame   0x000000a0       0x20 c:/users/riad.desktop-9ij36io/desktop/documents/imtschool/protos/imt_sdk_win_64/winavr/bin/../lib/gcc/avr/4.3.3/avr5\libgcc.a(_gt_sf.o)
 .debug_frame   0x000000c0       0x20 c:/users/riad.desktop-9ij36io/desktop/documents/imtschool/protos/imt_sdk_win_64/winavr/bin/../lib/gcc/avr/4.3.3/avr5\libgcc.a(_ge_sf.o)
 .debug_frame   0x000000e0       0x20 c:/users/riad.desktop-9ij36io/desktop/documents/imtschool/protos/imt_sdk_win_64/winavr/bin/../lib/gcc/avr/4.3.3/avr5\libgcc.a(_lt_sf.o)
 .debug_frame   0x00000100       0x20 c:/users/riad.desktop-9ij36io/desktop/documents/imtschool/protos/imt_sdk_win_64/winavr/bin/../lib/gcc/avr/4.3.3/avr5\libgcc.a(_sf_to_si.o)
 .debug_frame   0x00000120       0x20 c:/users/riad.desktop-9ij36io/desktop/documents/imtschool/protos/imt_sdk_win_64/winavr/bin/../lib/gcc/avr/4.3.3/avr5\libgcc.a(_pack_sf.o)
 .debug_frame   0x00000140       0x20 c:/users/riad.desktop-9ij36io/desktop/documents/imtschool/protos/imt_sdk_win_64/winavr/bin/../lib/gcc/avr/4.3.3/avr5\libgcc.a(_unpack_sf.o)
 .debug_frame   0x00000160       0x20 c:/users/riad.desktop-9ij36io/desktop/documents/imtschool/protos/imt_sdk_win_64/winavr/bin/../lib/gcc/avr/4.3.3/avr5\libgcc.a(_fpcmp_parts_sf.o)

.debug_str      0x00000000      0x2c2
 *(.debug_str)
 .debug_str     0x00000000       0xbf c:/users/riad.desktop-9ij36io/desktop/documents/imtschool/protos/imt_sdk_win_64/winavr/bin/../lib/gcc/avr/4.3.3/avr5\libgcc.a(_fixunssfsi.o)
                                 0xfe (size before relaxing)
 .debug_str     0x000000bf      0x14d c:/users/riad.desktop-9ij36io/desktop/documents/imtschool/protos/imt_sdk_win_64/winavr/bin/../lib/gcc/avr/4.3.3/avr5\libgcc.a(_addsub_sf.o)
                                0x206 (size before relaxing)
 .debug_str     0x0000020c       0x27 c:/users/riad.desktop-9ij36io/desktop/documents/imtschool/protos/imt_sdk_win_64/winavr/bin/../lib/gcc/avr/4.3.3/avr5\libgcc.a(_mul_sf.o)
                                0x1bf (size before relaxing)
 .debug_str     0x00000233       0x35 c:/users/riad.desktop-9ij36io/desktop/documents/imtschool/protos/imt_sdk_win_64/winavr/bin/../lib/gcc/avr/4.3.3/avr5\libgcc.a(_div_sf.o)
                                0x1c8 (size before relaxing)
 .debug_str     0x00000268        0xf c:/users/riad.desktop-9ij36io/desktop/documents/imtschool/protos/imt_sdk_win_64/winavr/bin/../lib/gcc/avr/4.3.3/avr5\libgcc.a(_gt_sf.o)
                                0x195 (size before relaxing)
 .debug_str     0x00000277        0x8 c:/users/riad.desktop-9ij36io/desktop/documents/imtschool/protos/imt_sdk_win_64/winavr/bin/../lib/gcc/avr/4.3.3/avr5\libgcc.a(_ge_sf.o)
                                0x195 (size before relaxing)
 .debug_str     0x0000027f        0x8 c:/users/riad.desktop-9ij36io/desktop/documents/imtschool/protos/imt_sdk_win_64/winavr/bin/../lib/gcc/avr/4.3.3/avr5\libgcc.a(_lt_sf.o)
                                0x195 (size before relaxing)
 .debug_str     0x00000287        0xa c:/users/riad.desktop-9ij36io/desktop/documents/imtschool/protos/imt_sdk_win_64/winavr/bin/../lib/gcc/avr/4.3.3/avr5\libgcc.a(_sf_to_si.o)
                                0x19e (size before relaxing)
 .debug_str     0x00000000      0x103 c:/users/riad.desktop-9ij36io/desktop/documents/imtschool/protos/imt_sdk_win_64/winavr/bin/../lib/gcc/avr/4.3.3/avr5\libgcc.a(_thenan_sf.o)
 .debug_str     0x00000291       0x16 c:/users/riad.desktop-9ij36io/desktop/documents/imtschool/protos/imt_sdk_win_64/winavr/bin/../lib/gcc/avr/4.3.3/avr5\libgcc.a(_pack_sf.o)
                                0x19d (size before relaxing)
 .debug_str     0x000002a7        0xb c:/users/riad.desktop-9ij36io/desktop/documents/imtschool/protos/imt_sdk_win_64/winavr/bin/../lib/gcc/avr/4.3.3/avr5\libgcc.a(_unpack_sf.o)
                                0x17f (size before relaxing)
 .debug_str     0x000002b2       0x10 c:/users/riad.desktop-9ij36io/desktop/documents/imtschool/protos/imt_sdk_win_64/winavr/bin/../lib/gcc/avr/4.3.3/avr5\libgcc.a(_fpcmp_parts_sf.o)
                                0x163 (size before relaxing)

.debug_loc      0x00000000      0x88e
 *(.debug_loc)
 .debug_loc     0x00000000       0x34 c:/users/riad.desktop-9ij36io/desktop/documents/imtschool/protos/imt_sdk_win_64/winavr/bin/../lib/gcc/avr/4.3.3/avr5\libgcc.a(_fixunssfsi.o)
 .debug_loc     0x00000034      0x32a c:/users/riad.desktop-9ij36io/desktop/documents/imtschool/protos/imt_sdk_win_64/winavr/bin/../lib/gcc/avr/4.3.3/avr5\libgcc.a(_addsub_sf.o)
 .debug_loc     0x0000035e      0x104 c:/users/riad.desktop-9ij36io/desktop/documents/imtschool/protos/imt_sdk_win_64/winavr/bin/../lib/gcc/avr/4.3.3/avr5\libgcc.a(_mul_sf.o)
 .debug_loc     0x00000462       0xc0 c:/users/riad.desktop-9ij36io/desktop/documents/imtschool/protos/imt_sdk_win_64/winavr/bin/../lib/gcc/avr/4.3.3/avr5\libgcc.a(_div_sf.o)
 .debug_loc     0x00000522       0x3c c:/users/riad.desktop-9ij36io/desktop/documents/imtschool/protos/imt_sdk_win_64/winavr/bin/../lib/gcc/avr/4.3.3/avr5\libgcc.a(_gt_sf.o)
 .debug_loc     0x0000055e       0x3c c:/users/riad.desktop-9ij36io/desktop/documents/imtschool/protos/imt_sdk_win_64/winavr/bin/../lib/gcc/avr/4.3.3/avr5\libgcc.a(_ge_sf.o)
 .debug_loc     0x0000059a       0x3c c:/users/riad.desktop-9ij36io/desktop/documents/imtschool/protos/imt_sdk_win_64/winavr/bin/../lib/gcc/avr/4.3.3/avr5\libgcc.a(_lt_sf.o)
 .debug_loc     0x000005d6       0x7e c:/users/riad.desktop-9ij36io/desktop/documents/imtschool/protos/imt_sdk_win_64/winavr/bin/../lib/gcc/avr/4.3.3/avr5\libgcc.a(_sf_to_si.o)
 .debug_loc     0x00000654      0x13e c:/users/riad.desktop-9ij36io/desktop/documents/imtschool/protos/imt_sdk_win_64/winavr/bin/../lib/gcc/avr/4.3.3/avr5\libgcc.a(_pack_sf.o)
 .debug_loc     0x00000792       0xac c:/users/riad.desktop-9ij36io/desktop/documents/imtschool/protos/imt_sdk_win_64/winavr/bin/../lib/gcc/avr/4.3.3/avr5\libgcc.a(_unpack_sf.o)
 .debug_loc     0x0000083e       0x50 c:/users/riad.desktop-9ij36io/desktop/documents/imtschool/protos/imt_sdk_win_64/winavr/bin/../lib/gcc/avr/4.3.3/avr5\libgcc.a(_fpcmp_parts_sf.o)

.debug_macinfo
 *(.debug_macinfo)
OUTPUT(Project.elf elf32-avr)
LOAD linker stubs

.debug_ranges   0x00000000       0x50
 .debug_ranges  0x00000000       0x50 c:/users/riad.desktop-9ij36io/desktop/documents/imtschool/protos/imt_sdk_win_64/winavr/bin/../lib/gcc/avr/4.3.3/avr5\libgcc.a(_mul_sf.o)
